INT_WORD
IDENT(main)
LPAREN
RPAREN
LBRACK
INT_WORD
IDENT(x)
EQUALS
INT(6)
SEMI
WHILE
LPAREN
IDENT(x)
GT
EQUALS
INT(1)
RPAREN
LBRACK
IDENT(x)
SUB
EQUALS
INT(2)
SEMI
RBRACK
IDENT(printf)
LPAREN
IDENT(x)
RPAREN
SEMI
RETURN
INT(0)
SEMI
RBRACK
