INT_WORD
IDENT(main)
LPAREN
RPAREN
LBRACK
INT_WORD
IDENT(a)
SEMI
IDENT(a)
PLUS
EQUALS
INT(3)
SEMI
IDENT(scanf)
LPAREN
STR(%d%d)
COMMA
IDENT(a)
RPAREN
SEMI
RETURN
INT(0)
SEMI
RBRACK
