VOID_WORD
IDENT(greet)
LPAREN
RPAREN
LBRACK
IDENT(printf)
LPAREN
STR("Hello, World!\n")
RPAREN
SEMI
RBRACK
INT
MAIN
LPAREN
RPAREN
LBRACK
IDENT(greet)
LPAREN
RPAREN
SEMI
RETURN
INT(0)
SEMI
RBRACK