DIRECTIVE(include)
STR(stdio.h)
INT_WORD
IDENT(main)
LPAREN
RPAREN
LBRACK
FLOAT_WORD
IDENT(a)
EQUALS
FLOAT(10.0)
SEMI
FLOAT_WORD
IDENT(b)
EQUALS
FLOAT(4.0)
SEMI
RETURN
IDENT(a)
DIV
IDENT(b)
SEMI
RBRACK