INT_WORD
IDENT(main)
LPAREN
RPAREN
LBRACK
INT_WORD
IDENT(a)
EQUALS
INT(5)
SEMI
FLOAT_WORD
IDENT(b)
EQUALS
FLOAT(6.7)
SEMI
WHILE
LPAREN
IDENT(a)
LT
INT(10)
RPAREN
LBRACK
IDENT(a)
PLUS
EQUALS
INT(3)
SEMI
RBRACK
RETURN
INT(0)
SEMI
RBRACK
