VOID_WORD
IDENT(someFunction)
LPAREN
RPAREN
LBRACK
INT_WORD
IDENT(x)
SEMI
IF
LPAREN
IDENT(x)
GT
INT(0)
RPAREN
LBRACK
INT_WORD
IDENT(y)
EQUALS
INT(10)
SEMI
RBRACK
ELSE
LBRACK
IDENT(y)
EQUALS
SUB
INT(10)
SEMI
RBRACK
RBRACK
